/home/108/u108008/miniconda3/envs/segov3/lib/python3.9/site-packages/mmengine/optim/optimizer/zero_optimizer.py:11: DeprecationWarning: `TorchScript` support for functional optimizers is deprecated and will be removed in a future PyTorch release. Consider using the `torch.compile` optimizer instead.
  from torch.distributed.optim import \
========================================================================
Phase-1A Release-band Raw Multi-Head Collection
Config        : configs/cfg_openearthmap.py
Dataset tag   : openearthmap
Classes (9)  : ['background', 'bareland', 'grass', 'pavement', 'road', 'tree', 'water', 'cropland', 'building']
Targets       : ['grass', 'pavement', 'building', 'road', 'bareland']
global_thd τ  : 0.1   λτ = 0.0200   bg_idx=0
Release-band  : raw_top1_post=c ∧ λτ ≤ fused_after_presence < τ
per-image cap : 2000   global cap : 100,000
Out dir       : verify/rawdiag_oem_smoke
Limit         : 2 images
========================================================================

Traceback (most recent call last):
  File "/home/108/u108008/miniconda3/envs/segov3/lib/python3.9/multiprocessing/util.py", line 300, in _run_finalizers
    finalizer()
  File "/home/108/u108008/miniconda3/envs/segov3/lib/python3.9/multiprocessing/util.py", line 224, in __call__
    res = self._callback(*self._args, **self._kwargs)
  File "/home/108/u108008/miniconda3/envs/segov3/lib/python3.9/multiprocessing/util.py", line 133, in _remove_temp_dir
    rmtree(tempdir)
  File "/home/108/u108008/miniconda3/envs/segov3/lib/python3.9/shutil.py", line 734, in rmtree
    _rmtree_safe_fd(fd, path, onerror)
  File "/home/108/u108008/miniconda3/envs/segov3/lib/python3.9/shutil.py", line 690, in _rmtree_safe_fd
    onerror(os.unlink, fullname, sys.exc_info())
  File "/home/108/u108008/miniconda3/envs/segov3/lib/python3.9/shutil.py", line 688, in _rmtree_safe_fd
    os.unlink(entry.name, dir_fd=topfd)
Traceback (most recent call last):
OSError: [Errno 16] Device or resource busy: '.nfs00000000028a57f50000d9cc'
  File "/home/108/u108008/miniconda3/envs/segov3/lib/python3.9/multiprocessing/util.py", line 300, in _run_finalizers
    finalizer()
Traceback (most recent call last):
  File "/home/108/u108008/miniconda3/envs/segov3/lib/python3.9/multiprocessing/util.py", line 224, in __call__
    res = self._callback(*self._args, **self._kwargs)
  File "/home/108/u108008/miniconda3/envs/segov3/lib/python3.9/multiprocessing/util.py", line 133, in _remove_temp_dir
    rmtree(tempdir)
  File "/home/108/u108008/miniconda3/envs/segov3/lib/python3.9/shutil.py", line 734, in rmtree
    _rmtree_safe_fd(fd, path, onerror)
  File "/home/108/u108008/miniconda3/envs/segov3/lib/python3.9/shutil.py", line 690, in _rmtree_safe_fd
    onerror(os.unlink, fullname, sys.exc_info())
  File "/home/108/u108008/miniconda3/envs/segov3/lib/python3.9/shutil.py", line 688, in _rmtree_safe_fd
    os.unlink(entry.name, dir_fd=topfd)
OSError: [Errno 16] Device or resource busy: '.nfs00000000028a58e70000d9c9'
  File "/home/108/u108008/miniconda3/envs/segov3/lib/python3.9/multiprocessing/util.py", line 300, in _run_finalizers
    finalizer()
  File "/home/108/u108008/miniconda3/envs/segov3/lib/python3.9/multiprocessing/util.py", line 224, in __call__
    res = self._callback(*self._args, **self._kwargs)
  File "/home/108/u108008/miniconda3/envs/segov3/lib/python3.9/multiprocessing/util.py", line 133, in _remove_temp_dir
    rmtree(tempdir)
  File "/home/108/u108008/miniconda3/envs/segov3/lib/python3.9/shutil.py", line 734, in rmtree
    _rmtree_safe_fd(fd, path, onerror)
  File "/home/108/u108008/miniconda3/envs/segov3/lib/python3.9/shutil.py", line 690, in _rmtree_safe_fd
    onerror(os.unlink, fullname, sys.exc_info())
  File "/home/108/u108008/miniconda3/envs/segov3/lib/python3.9/shutil.py", line 688, in _rmtree_safe_fd
    os.unlink(entry.name, dir_fd=topfd)
OSError: [Errno 16] Device or resource busy: '.nfs00000000028a5ad60000d9cb'
Traceback (most recent call last):
  File "/home/108/u108008/miniconda3/envs/segov3/lib/python3.9/multiprocessing/util.py", line 300, in _run_finalizers
    finalizer()
  File "/home/108/u108008/miniconda3/envs/segov3/lib/python3.9/multiprocessing/util.py", line 224, in __call__
    res = self._callback(*self._args, **self._kwargs)
  File "/home/108/u108008/miniconda3/envs/segov3/lib/python3.9/multiprocessing/util.py", line 133, in _remove_temp_dir
    rmtree(tempdir)
  File "/home/108/u108008/miniconda3/envs/segov3/lib/python3.9/shutil.py", line 734, in rmtree
    _rmtree_safe_fd(fd, path, onerror)
  File "/home/108/u108008/miniconda3/envs/segov3/lib/python3.9/shutil.py", line 690, in _rmtree_safe_fd
    onerror(os.unlink, fullname, sys.exc_info())
  File "/home/108/u108008/miniconda3/envs/segov3/lib/python3.9/shutil.py", line 688, in _rmtree_safe_fd
    os.unlink(entry.name, dir_fd=topfd)
OSError: [Errno 16] Device or resource busy: '.nfs00000000028a60030000d9ca'

Total images: 2

========================================================================
SMOKE-TEST DIAGNOSTICS
  class              band_px      kept        seen inst_raw_mu inst_orig_mu differ?
  grass                3,653     2,000       2,000      0.0976       0.0889     yes
    -> verify/rawdiag_oem_smoke/rawdiag_openearthmap_releaseband_grass.npz  (0.1 MB, 2,000 rows)
  pavement             3,007     2,000       2,000      0.1051       0.0953     yes
    -> verify/rawdiag_oem_smoke/rawdiag_openearthmap_releaseband_pavement.npz  (0.1 MB, 2,000 rows)
  building             2,799     2,000       2,000      0.1059       0.0863     yes
    -> verify/rawdiag_oem_smoke/rawdiag_openearthmap_releaseband_building.npz  (0.1 MB, 2,000 rows)
  road                 8,534     2,000       2,000      0.0911       0.0867     yes
    -> verify/rawdiag_oem_smoke/rawdiag_openearthmap_releaseband_road.npz  (0.1 MB, 2,000 rows)
  bareland                10        10          10      0.2238       0.0233     yes
    -> verify/rawdiag_oem_smoke/rawdiag_openearthmap_releaseband_bareland.npz  (0.0 MB, 10 rows)

========================================================================
Smoke-test checks:
  1. band_px per class should track cafr_diagnose.py's n_band trend.
  2. inst_raw_mu vs inst_orig_mu must DIFFER (presence^2 split working).
  3. .npz sizes controllable (raise caps for full val once confirmed).
========================================================================
