/home/108/u108008/miniconda3/envs/segov3/lib/python3.9/site-packages/mmengine/optim/optimizer/zero_optimizer.py:11: DeprecationWarning: `TorchScript` support for functional optimizers is deprecated and will be removed in a future PyTorch release. Consider using the `torch.compile` optimizer instead.
  from torch.distributed.optim import \
/home/108/u108008/miniconda3/envs/segov3/lib/python3.9/site-packages/torch/serialization.py:1074: UserWarning: 'torch.load' received a zip file that looks like a TorchScript archive dispatching to 'torch.jit.load' (call 'torch.jit.load' directly to silence this warning)
  warnings.warn("'torch.load' received a zip file that looks like a TorchScript archive"
Device: cuda
Loading CLIP from /home/108/u108008/code/SegEarth-OV-3/weights/clip/ViT-B-32.pt ...
Loading RemoteCLIP from /home/108/u108008/code/SegEarth-OV-3/weights/RemoteCLIP/RemoteCLIP-ViT-B-32.pt ...
Config  : configs/cfg_loveda.py
Classes (7): ['background', 'building', 'road', 'water', 'barren', 'forest', 'agricultural']
margin_thr: 0.1  |  delta sweep: [-0.1, -0.08, -0.06, -0.04, -0.02, 0.0, 0.01, 0.02, 0.03, 0.04, 0.05]
Limit: all
  CLIP text features: torch.Size([7, 512])
  RemoteCLIP text features: torch.Size([7, 512])
  processed 20 images ...
  processed 40 images ...
  processed 60 images ...
  processed 80 images ...
  processed 100 images ...
  processed 120 images ...
  processed 140 images ...
  processed 160 images ...
  processed 180 images ...
  processed 200 images ...
  processed 220 images ...
  processed 240 images ...
  processed 260 images ...
  processed 280 images ...
  processed 300 images ...
  processed 320 images ...
  processed 340 images ...
  processed 360 images ...
  processed 380 images ...
  processed 400 images ...
  processed 420 images ...
  processed 440 images ...
  processed 460 images ...
  processed 480 images ...
  processed 500 images ...
  processed 520 images ...
  processed 540 images ...
  processed 560 images ...
  processed 580 images ...
  processed 600 images ...
  processed 620 images ...
  processed 640 images ...
  processed 660 images ...
  processed 680 images ...
  processed 700 images ...
  processed 720 images ...
  processed 740 images ...
  processed 760 images ...
  processed 780 images ...
  processed 800 images ...
  processed 820 images ...
  processed 840 images ...
  processed 860 images ...
  processed 880 images ...
  processed 900 images ...
  processed 920 images ...
  processed 940 images ...
  processed 960 images ...
  processed 980 images ...
  processed 1000 images ...
  processed 1020 images ...
  processed 1040 images ...
  processed 1060 images ...
  processed 1080 images ...
  processed 1100 images ...
  processed 1120 images ...
  processed 1140 images ...
  processed 1160 images ...
  processed 1180 images ...
  processed 1200 images ...
  processed 1220 images ...
  processed 1240 images ...
  processed 1260 images ...
  processed 1280 images ...
  processed 1300 images ...
  processed 1320 images ...
  processed 1340 images ...
  processed 1360 images ...
  processed 1380 images ...
  processed 1400 images ...
  processed 1420 images ...
  processed 1440 images ...
  processed 1460 images ...
  processed 1480 images ...
  processed 1500 images ...
  processed 1520 images ...
  processed 1540 images ...
  processed 1560 images ...
  processed 1580 images ...
  processed 1600 images ...
  processed 1620 images ...
  processed 1640 images ...
  processed 1660 images ...

Total images: 1669
Baseline mIoU: 47.39%

================================================================================
Pair: agricultural -> forest   (margin_thr=0.1)
  CC patches collected: 17382
  always-flip ΔmIoU (baseline): +0.355

  [CLIP] 17382 CC patches: rescue=6859 correct=5556 other=4967
    sim_delta: mean=+0.0071  std=0.0048  P(>0)=92.2%
    delta  n_flip  abs_rate  flip_prec   flip_rec    ΔmIoU  vs always-flip
    -0.10   17382      0.0%      0.395      1.000     0.35            0.00
    -0.08   17382      0.0%      0.395      1.000     0.35            0.00
    -0.06   17382      0.0%      0.395      1.000     0.35            0.00
    -0.04   17381      0.0%      0.395      1.000     0.36            0.00 ★
    -0.02   17371      0.1%      0.395      0.999     0.34           -0.01
     0.00   16024      7.8%      0.402      0.940     0.22           -0.14
     0.01    4611     73.5%      0.419      0.281     0.08           -0.27
     0.02      89     99.5%      0.348      0.005     0.01           -0.34
     0.03       3    100.0%      0.333      0.000     0.00           -0.35
     0.04       0    100.0%        nan      0.000     0.00           -0.35
     0.05       0    100.0%        nan      0.000     0.00           -0.35
  => best delta=-0.04: ΔmIoU=+0.356  vs always-flip=+0.001  (VLM beats always-flip ★)

  [RemoteCLIP] 17382 CC patches: rescue=6859 correct=5556 other=4967
    sim_delta: mean=+0.0106  std=0.0078  P(>0)=92.4%
    delta  n_flip  abs_rate  flip_prec   flip_rec    ΔmIoU  vs always-flip
    -0.10   17382      0.0%      0.395      1.000     0.35            0.00
    -0.08   17382      0.0%      0.395      1.000     0.35            0.00
    -0.06   17382      0.0%      0.395      1.000     0.35            0.00
    -0.04   17382      0.0%      0.395      1.000     0.35            0.00
    -0.02   17374      0.0%      0.395      1.000     0.35           -0.00
     0.00   16063      7.6%      0.385      0.902     0.36            0.01 ★
     0.01    9024     48.1%      0.351      0.461     0.10           -0.25
     0.02    1763     89.9%      0.335      0.086     0.07           -0.28
     0.03     279     98.4%      0.412      0.017     0.04           -0.31
     0.04      52     99.7%      0.538      0.004     0.03           -0.33
     0.05      12     99.9%      0.750      0.001     0.01           -0.35
  => best delta=0.00: ΔmIoU=+0.362  vs always-flip=+0.008  (VLM beats always-flip ★)
================================================================================
Pair: agricultural -> barren   (margin_thr=0.1)
  CC patches collected: 21065
  always-flip ΔmIoU (baseline): -0.015

  [CLIP] 21065 CC patches: rescue=5038 correct=10562 other=5465
    sim_delta: mean=+0.0008  std=0.0045  P(>0)=58.7%
    delta  n_flip  abs_rate  flip_prec   flip_rec    ΔmIoU  vs always-flip
    -0.10   21065      0.0%      0.239      1.000    -0.01            0.00
    -0.08   21065      0.0%      0.239      1.000    -0.01            0.00
    -0.06   21065      0.0%      0.239      1.000    -0.01            0.00
    -0.04   21065      0.0%      0.239      1.000    -0.01            0.00
    -0.02   20981      0.4%      0.240      0.998     0.00            0.02 ★
     0.00   12360     41.3%      0.269      0.661     0.06            0.07 ★
     0.01     215     99.0%      0.298      0.013     0.00            0.02 ★
     0.02       1    100.0%      0.000      0.000    -0.00            0.01 ★
     0.03       0    100.0%        nan      0.000     0.00            0.01 ★
     0.04       0    100.0%        nan      0.000     0.00            0.01 ★
     0.05       0    100.0%        nan      0.000     0.00            0.01 ★
  => best delta=0.00: ΔmIoU=+0.055  vs always-flip=+0.070  (VLM beats always-flip ★)

  [RemoteCLIP] 21065 CC patches: rescue=5038 correct=10562 other=5465
    sim_delta: mean=+0.0061  std=0.0095  P(>0)=77.7%
    delta  n_flip  abs_rate  flip_prec   flip_rec    ΔmIoU  vs always-flip
    -0.10   21065      0.0%      0.239      1.000    -0.01            0.00
    -0.08   21065      0.0%      0.239      1.000    -0.01            0.00
    -0.06   21065      0.0%      0.239      1.000    -0.01            0.00
    -0.04   21060      0.0%      0.239      1.000    -0.01            0.00 ★
    -0.02   20881      0.9%      0.241      0.999     0.01            0.03 ★
     0.00   16358     22.3%      0.247      0.801     0.06            0.08 ★
     0.01    6096     71.1%      0.240      0.290     0.07            0.09 ★
     0.02    1368     93.5%      0.274      0.074     0.11            0.13 ★
     0.03     377     98.2%      0.411      0.031     0.08            0.10 ★
     0.04     105     99.5%      0.533      0.011     0.05            0.07 ★
     0.05      26     99.9%      0.500      0.003     0.01            0.02 ★
  => best delta=0.02: ΔmIoU=+0.113  vs always-flip=+0.128  (VLM beats always-flip ★)
================================================================================
Pair: agricultural -> water   (margin_thr=0.1)
  CC patches collected: 2977
  always-flip ΔmIoU (baseline): +0.121

  [CLIP] 2977 CC patches: rescue=2055 correct=123 other=799
    sim_delta: mean=-0.0056  std=0.0059  P(>0)=19.0%
    delta  n_flip  abs_rate  flip_prec   flip_rec    ΔmIoU  vs always-flip
    -0.10    2977      0.0%      0.690      1.000     0.12            0.00
    -0.08    2977      0.0%      0.690      1.000     0.12            0.00
    -0.06    2977      0.0%      0.690      1.000     0.12            0.00
    -0.04    2977      0.0%      0.690      1.000     0.12            0.00
    -0.02    2974      0.1%      0.690      0.999     0.12           -0.00
     0.00     566     81.0%      0.466      0.128     0.07           -0.05
     0.01      28     99.1%      0.714      0.010     0.03           -0.09
     0.02       1    100.0%      1.000      0.000     0.00           -0.12
     0.03       0    100.0%        nan      0.000     0.00           -0.12
     0.04       0    100.0%        nan      0.000     0.00           -0.12
     0.05       0    100.0%        nan      0.000     0.00           -0.12
  => best delta=-0.10: ΔmIoU=+0.121  vs always-flip=+0.000  (VLM <= always-flip)

  [RemoteCLIP] 2977 CC patches: rescue=2055 correct=123 other=799
    sim_delta: mean=+0.0344  std=0.0164  P(>0)=97.9%
    delta  n_flip  abs_rate  flip_prec   flip_rec    ΔmIoU  vs always-flip
    -0.10    2977      0.0%      0.690      1.000     0.12            0.00
    -0.08    2977      0.0%      0.690      1.000     0.12            0.00
    -0.06    2977      0.0%      0.690      1.000     0.12            0.00
    -0.04    2977      0.0%      0.690      1.000     0.12            0.00
    -0.02    2976      0.0%      0.690      1.000     0.12           -0.00
     0.00    2915      2.1%      0.685      0.972     0.11           -0.01
     0.01    2717      8.7%      0.671      0.887     0.11           -0.02
     0.02    2345     21.2%      0.643      0.734     0.08           -0.04
     0.03    1848     37.9%      0.606      0.545     0.06           -0.06
     0.04    1226     58.8%      0.586      0.350     0.03           -0.09
     0.05     604     79.7%      0.614      0.181     0.02           -0.10
  => best delta=-0.10: ΔmIoU=+0.121  vs always-flip=+0.000  (VLM <= always-flip)
================================================================================

Cross-model summary (best delta per pair):
  pair                           always-flip      CLIP ΔmIoU    CLIP vs AF  RemoteCLIP ΔmIoU  RemoteCLIP vs AF
  agricultural -> forest              +0.355          +0.356        +0.001          +0.362        +0.008
  agricultural -> barren              -0.015          +0.055        +0.070          +0.113        +0.128
  agricultural -> water               +0.121          +0.121        +0.000          +0.121        +0.000

Done.
