/home/108/u108008/miniconda3/envs/segov3/lib/python3.9/site-packages/mmengine/optim/optimizer/zero_optimizer.py:11: DeprecationWarning: `TorchScript` support for functional optimizers is deprecated and will be removed in a future PyTorch release. Consider using the `torch.compile` optimizer instead.
  from torch.distributed.optim import \

========================================================================
CAFR Diagnostic v1
Config       : configs/cfg_loveda.py
Classes ( 7) : ['background', 'building', 'road', 'water', 'barren', 'forest', 'agricultural']
global_thd   : 0.5   bg_idx=0
λ-rule λ     : 0.2   (τ_c = 0.20·0.5 = 0.1000)
elig_mode    : release_band
eligibility  : candidate-topk=3 ambiguous-gap=0.05 supp_mass≥0.05
limit        : all images
========================================================================

  processed 50 images ...
  processed 100 images ...
  processed 150 images ...
  processed 200 images ...
  processed 250 images ...
  processed 300 images ...
  processed 350 images ...
  processed 400 images ...
  processed 450 images ...
  processed 500 images ...
  processed 550 images ...
  processed 600 images ...
  processed 650 images ...
  processed 700 images ...
  processed 750 images ...
  processed 800 images ...
  processed 850 images ...
  processed 900 images ...
  processed 950 images ...
  processed 1000 images ...
  processed 1050 images ...
  processed 1100 images ...
  processed 1150 images ...
  processed 1200 images ...
  processed 1250 images ...
  processed 1300 images ...
  processed 1350 images ...
  processed 1400 images ...
  processed 1450 images ...
  processed 1500 images ...
  processed 1550 images ...
  processed 1600 images ...
  processed 1650 images ...
Total images : 1669   valid pixels : 1,704,296,271

========================================================================
STAGE 0 — Background Gate Policy  (diagnostic suggestion only)
========================================================================
  -- load statistics (descriptive only) --
  r_gate          : 39.06%  (raw_top1≠bg but score<0.5, gated to bg)
  r_argbg         : 4.96%  (raw_top1=background directly)
  gate-bg mean sc : 0.2202   argmax-bg mean sc : 0.2547
  gate entropy(n) : 0.791  (0=one class dominates gated pixels, 1=uniform → risky to release)

  -- decisive probe: effect of turning the gate OFF (naive-q0) --
  baseline mIoU   : 47.39%
  gate-off  mIoU  : 36.13%   Δ=-11.26%

  → Policy suggestion: [uncertainty-bg dominant (suggestion)]
    Turning the gate off COLLAPSES mIoU → the global gate is a necessary uncertainty fallback. KEEP the gate; only relax a few eligible foreground classes.
    (high gate entropy 0.79 would further argue for keeping the gate.)

========================================================================
STAGE 1 — Class Eligibility Selector
========================================================================
  elig_mode    : release_band  (Stage 0 policy: uncertainty-bg dominant (suggestion))
  [GMM risk penalty ACTIVE: elig = base × (1 - gmm_risk) where gmm_risk = clip((gmm_tau - λτ) / (τ - λτ), 0, 1)]
  score_safety = 1 - P(score < τ/2 | suppressed)  [v1 proxy]
  rel_band = P(λτ ≤ score < τ | class)   high_anchor = P(score ≥ τ | class)  [v2 release-band; λτ=0.1000, τ=0.5]
  deep_noise = P(score < λτ | class)  (λ-rule never releases this mass)
  gmm_tau = GMM crossing on suppressed scores (risk signal in uncertainty-bg mode)
  band_* columns computed on RELEASE BAND only: raw_top1=c ∧ λτ ≤ score < τ
  band_mg  = mean(top1-top2) in band    band_mg25 = q25 of same
  band_bg  = mean(top1-bg)   in band    band_bg25 = q25 of same
  t2_bg    = P(top2_class = background | band)  (runner-up is bg → release risky)
  t2_entr  = entropy of top2_class distribution in band
             (high entropy → class confused with many others → risky)
  n_band guard: classes with <100 band pixels show 'nan' for band_* / t2_*
  spatial columns (radius=5px, band pixels only):
    anc_tch  = P(band pixel within 5px of own-class anchor)
    isl_rt   = P(band pixel in CC not touching own-class anchor)
    cmp_tch  = P(band pixel within 5px of ANY other-fg anchor)
    t2c_tch  = P(band pixel within 5px of runner-up class anchor)
    anc_coh  = anc_tch x (1-isl_rt)  [spatial hard-filter signal, semantic-bg mode]
    sp_sc    = anc_tch x (1-isl_rt) x (1-cmp_tch)  [diagnostic only; cmp_tch saturates on OEM]
  class                n_win     n_band rel_bnd hi_anch  gmm_tau  band_mg band_mg25  band_bg band_bg25   t2_bg t2_entr    elig anc_tch isl_rt cmp_tch t2c_tch anc_coh  sp_sc
  building       186,585,526 36,658,357  0.1965  0.6697   0.1511   0.1749    0.0716   0.2315    0.1144  0.1832  0.6803  0.1148  0.3516 0.4274  0.0377  0.0168  0.2014 0.1938
  road           131,697,029 30,051,246  0.2282  0.6128   0.1685   0.1533    0.0704   0.2218    0.1262  0.0665  0.6847  0.1159  0.3574 0.2895  0.0932  0.0485  0.2540 0.2303
  water          166,559,005 32,690,378  0.1963  0.7322   0.1142   0.1869    0.0884   0.2487    0.1375  0.2218  0.8079  0.1386  0.1305 0.6684  0.0187  0.0105  0.0433 0.0425
  barren         259,000,995 78,164,281  0.3018  0.3010   0.1471   0.1031    0.0409   0.1970    0.1036  0.1067  0.7106  0.0802  0.0902 0.6576  0.0959  0.0488  0.0309 0.0279
  forest         159,098,333 55,717,776  0.3502  0.6122   0.2295   0.1486    0.0586   0.2847    0.1823  0.0047  0.4996  0.1450  0.2408 0.4389  0.0792  0.0332  0.1351 0.1244
  agricultural   716,831,427240,797,288  0.3359  0.6294   0.3033   0.1766    0.0758   0.2856    0.1751  0.0129  0.5004  0.1040  0.1236 0.5903  0.0705  0.0322  0.0506 0.0471

  Selection rule: candidate-topk=3  ambiguous-gap=0.05  supp_mass≥0.05
  Eligible classes: ['building', 'road', 'water', 'forest', 'agricultural']


========================================================================
ORACLE BENEFIT ANALYSIS  (diagnostic, uses GT labels — Phase-0 gold standard)
========================================================================
  Single-class λ-release: set τ_c = λτ=0.1000 for one class at a
  time, keep all others at τ=0.5. Measures true per-class benefit.
  GT breakdown computed on pixels newly released (raw_top1=c, λτ≤score<τ).
  label: beneficial(↑mIoU,↑cls,no worst_drop) / harmful(↓mIoU or big drop) / ambiguous
  class              n_rel   rel%  GT=c% GT=bg% GT=oth%   ΔmIoU    Δcls     Δbg  wst_fg  label
  --------------------------------------------------------------------------------------------
  building      36,658,357   19.6   29.7   40.0    30.3   -0.52   -3.13   -0.51    0.00  harmful
  road          30,051,246   22.8   25.0   64.1    10.9   -0.74   -3.64   -1.55    0.00  harmful
  water         32,690,378   19.6   63.2   29.9     7.0    0.93    6.44    0.07    0.00  beneficial
  barren        78,164,281   30.2   11.3   55.7    33.1   -1.70   -8.81   -3.07    0.00  harmful
  forest        55,717,776   35.0   22.9   60.7    16.4   -0.49   -0.86   -2.60    0.00  harmful
  agricultural  240,797,288   33.6   21.6   61.7    16.6   -2.45   -4.54  -12.60    0.00  harmful

  Oracle label summary:
    beneficial  : ['water']
    harmful     : ['building', 'road', 'barren', 'forest', 'agricultural']

  Stage 1 selector vs Oracle agreement:
    selected & beneficial (TP) : ['water']
    selected & harmful    (FP) : ['agricultural', 'building', 'forest', 'road']
    missed   & beneficial (FN) : —

========================================================================
STAGE 2 — Threshold Estimators (eligible classes only)
========================================================================
  Otsu/GMM estimated on SUPPRESSED scores only (score<global_thd) and clamped ≤ 0.5.
  Rationale: recovery must LOWER the gate; estimating on the full winner distribution
  would yield τ>global_thd (raising the gate — the quantile failure mode).
  class           hand-tuned    λ-rule      Otsu       GMM    n_supp  gmm_mu_lo  gmm_mu_hi  conv
  building            0.5000    0.1000    0.2324    0.151161,637,833     0.0797     0.2789     Y
  road                0.5000    0.1000    0.2246    0.168550,992,719     0.0863     0.2761     Y
  water               0.5000    0.1000    0.2441    0.114244,611,128     0.0695     0.2989     Y
  forest              0.5000    0.1000    0.2715    0.229561,702,154     0.1408     0.3646     N
  agricultural        0.5000    0.1000    0.2793    0.3033265,681,948     0.1773     0.4059     Y

  Non-eligible (kept at global_thd=0.5):
    barren        : hand-tuned=0.5000 (=global)

========================================================================
EVALUATION — mIoU comparison
========================================================================
  Baseline mIoU  : 47.39%  fg-mIoU=47.70%

  Naive quantile (q=0.00, all-class gate off):
  [naive-q0]  mIoU=36.13%  fg-mIoU=41.32%  Δ=-11.26%
          worst-fg-drop=-18.14%

  Eligibility + λ-rule:
Traceback (most recent call last):
Traceback (most recent call last):
Traceback (most recent call last):
  File "/home/108/u108008/miniconda3/envs/segov3/lib/python3.9/multiprocessing/util.py", line 300, in _run_finalizers
    finalizer()
  File "/home/108/u108008/miniconda3/envs/segov3/lib/python3.9/multiprocessing/util.py", line 300, in _run_finalizers
    finalizer()
  File "/home/108/u108008/miniconda3/envs/segov3/lib/python3.9/multiprocessing/util.py", line 224, in __call__
    res = self._callback(*self._args, **self._kwargs)
  File "/home/108/u108008/miniconda3/envs/segov3/lib/python3.9/multiprocessing/util.py", line 300, in _run_finalizers
    finalizer()
  File "/home/108/u108008/miniconda3/envs/segov3/lib/python3.9/multiprocessing/util.py", line 224, in __call__
    res = self._callback(*self._args, **self._kwargs)
  File "/home/108/u108008/miniconda3/envs/segov3/lib/python3.9/multiprocessing/util.py", line 133, in _remove_temp_dir
    rmtree(tempdir)
  File "/home/108/u108008/miniconda3/envs/segov3/lib/python3.9/multiprocessing/util.py", line 224, in __call__
    res = self._callback(*self._args, **self._kwargs)
  File "/home/108/u108008/miniconda3/envs/segov3/lib/python3.9/multiprocessing/util.py", line 133, in _remove_temp_dir
    rmtree(tempdir)
  File "/home/108/u108008/miniconda3/envs/segov3/lib/python3.9/shutil.py", line 734, in rmtree
    _rmtree_safe_fd(fd, path, onerror)
  File "/home/108/u108008/miniconda3/envs/segov3/lib/python3.9/multiprocessing/util.py", line 133, in _remove_temp_dir
    rmtree(tempdir)
  File "/home/108/u108008/miniconda3/envs/segov3/lib/python3.9/shutil.py", line 690, in _rmtree_safe_fd
    onerror(os.unlink, fullname, sys.exc_info())
  File "/home/108/u108008/miniconda3/envs/segov3/lib/python3.9/shutil.py", line 734, in rmtree
    _rmtree_safe_fd(fd, path, onerror)
  File "/home/108/u108008/miniconda3/envs/segov3/lib/python3.9/shutil.py", line 734, in rmtree
    _rmtree_safe_fd(fd, path, onerror)
  File "/home/108/u108008/miniconda3/envs/segov3/lib/python3.9/shutil.py", line 688, in _rmtree_safe_fd
    os.unlink(entry.name, dir_fd=topfd)
  File "/home/108/u108008/miniconda3/envs/segov3/lib/python3.9/shutil.py", line 690, in _rmtree_safe_fd
    onerror(os.unlink, fullname, sys.exc_info())
  File "/home/108/u108008/miniconda3/envs/segov3/lib/python3.9/shutil.py", line 690, in _rmtree_safe_fd
    onerror(os.unlink, fullname, sys.exc_info())
  File "/home/108/u108008/miniconda3/envs/segov3/lib/python3.9/shutil.py", line 688, in _rmtree_safe_fd
    os.unlink(entry.name, dir_fd=topfd)
  File "/home/108/u108008/miniconda3/envs/segov3/lib/python3.9/shutil.py", line 688, in _rmtree_safe_fd
    os.unlink(entry.name, dir_fd=topfd)
OSError: [Errno 16] Device or resource busy: '.nfs00000000028876520000d928'
OSError: [Errno 16] Device or resource busy: '.nfs00000000028879830000d92b'
OSError: [Errno 16] Device or resource busy: '.nfs0000000002886b560000d929'
Traceback (most recent call last):
  File "/home/108/u108008/miniconda3/envs/segov3/lib/python3.9/multiprocessing/util.py", line 300, in _run_finalizers
    finalizer()
  File "/home/108/u108008/miniconda3/envs/segov3/lib/python3.9/multiprocessing/util.py", line 224, in __call__
    res = self._callback(*self._args, **self._kwargs)
  File "/home/108/u108008/miniconda3/envs/segov3/lib/python3.9/multiprocessing/util.py", line 133, in _remove_temp_dir
    rmtree(tempdir)
  File "/home/108/u108008/miniconda3/envs/segov3/lib/python3.9/shutil.py", line 734, in rmtree
    _rmtree_safe_fd(fd, path, onerror)
  File "/home/108/u108008/miniconda3/envs/segov3/lib/python3.9/shutil.py", line 690, in _rmtree_safe_fd
    onerror(os.unlink, fullname, sys.exc_info())
  File "/home/108/u108008/miniconda3/envs/segov3/lib/python3.9/shutil.py", line 688, in _rmtree_safe_fd
    os.unlink(entry.name, dir_fd=topfd)
OSError: [Errno 16] Device or resource busy: '.nfs00000000028871380000d92a'
  [Eligibility + λ-rule]  mIoU=43.80%  fg-mIoU=46.74%  Δ=-3.59%
          worst-fg-drop=-4.54%

  Eligibility + Otsu  :
  [Eligibility + Otsu]  mIoU=46.59%  fg-mIoU=48.27%  Δ=-0.80%
          worst-fg-drop=-2.59%

  Eligibility + GMM   :
  [Eligibility + GMM]  mIoU=46.38%  fg-mIoU=48.06%  Δ=-1.01%
          worst-fg-drop=-2.27%

  Hand-tuned reference:
  [Hand-tuned reference]  mIoU=47.39%  fg-mIoU=47.70%  Δ=+0.00%
          worst-fg-drop=+0.00%

========================================================================
SUMMARY — Per-class IoU across all methods
========================================================================
  class             baseline    naive-q0      λ-rule        Otsu         GMM  hand-tuned
  --------------------------------------------------------------------------------------
  background           45.53        4.96       26.17       36.51       36.30       45.53
  building             63.80       54.74       60.67       64.57       63.04       63.80
  road                 53.88       44.75       50.24       53.09       52.45       53.88
  water                51.43       55.98       57.87       57.30       57.88       51.43
  barren               35.76       17.62       35.76       35.76       35.76       35.76
  forest               33.84       32.28       32.98       33.99       34.02       33.84
  agricultural         47.49       42.56       42.94       44.90       45.22       47.49
  --------------------------------------------------------------------------------------
  mIoU                 47.39       36.13       43.80       46.59       46.38       47.39
  fg-mIoU              47.70       41.32       46.74       48.27       48.06       47.70

  Eligible classes: ['building', 'road', 'water', 'forest', 'agricultural']
  λ=0.2, τ_global=0.5, λ·τ_global=0.1000

  Consistency check (does λ ≈ Otsu ≈ hand-tuned?):
    building        λ=0.1000  Otsu=0.2324  GMM=0.1511  hand-tuned=  (=global)
    road            λ=0.1000  Otsu=0.2246  GMM=0.1685  hand-tuned=  (=global)
    water           λ=0.1000  Otsu=0.2441  GMM=0.1142  hand-tuned=  (=global)
    forest          λ=0.1000  Otsu=0.2715  GMM=0.2295  hand-tuned=  (=global)
    agricultural    λ=0.1000  Otsu=0.2793  GMM=0.3033  hand-tuned=  (=global)
