/home/108/u108008/miniconda3/envs/segov3/lib/python3.9/site-packages/mmengine/optim/optimizer/zero_optimizer.py:11: DeprecationWarning: `TorchScript` support for functional optimizers is deprecated and will be removed in a future PyTorch release. Consider using the `torch.compile` optimizer instead.
  from torch.distributed.optim import \
Device: cuda
Config: configs/cfg_openearthmap.py
margin_thr=0.1  conf_thr=0.3  r_inner=0  r_outers=[8, 16, 32]
Limit: 80
  processed 20 images ...
  processed 40 images ...
  processed 60 images ...
  processed 80 images ...

Total images: 80
Baseline mIoU: 45.78%

================================================================================

Pair: grass -> cropland   (margin_thr=0.1, conf_thr=0.3)
----------------------------------------------------------------------
  n_cc=2891  rescue=1199(41.5%)  correct=1333(46.1%)  other=359(12.4%)

   r_outer   abstain   nbr==GT   nbr==top2   nbr==top1   rescue:nbr==top2   correct:nbr==top1    ΔmIoU_af
  -------------------------------------------------------------------------------------------------------
         8     40.3%     41.4%       27.2%       26.0%              57.4%               32.4%  (see below)
        16     30.2%     40.4%       26.8%       25.3%              53.5%               32.3%  (see below)
        32     19.0%     40.1%       27.4%       24.6%              50.8%               32.3%  (see below)

  Key baseline rates (random guess):
    If neighbor is uninformative, nbr==GT rate ≈ rescue_rate = 47.4% (among rescue+correct CCs)
    If neighbor always picks winner (top1): nbr==GT rate for correct = 100%, rescue = 0%


Pair: building -> pavement   (margin_thr=0.1, conf_thr=0.3)
----------------------------------------------------------------------
  n_cc=4303  rescue=3176(73.8%)  correct=750(17.4%)  other=377(8.8%)

   r_outer   abstain   nbr==GT   nbr==top2   nbr==top1   rescue:nbr==top2   correct:nbr==top1    ΔmIoU_af
  -------------------------------------------------------------------------------------------------------
         8     15.3%     24.7%        9.9%       76.0%              10.4%               81.6%  (see below)
        16      6.9%     24.7%        9.6%       76.3%              10.6%               82.9%  (see below)
        32      2.3%     24.2%        8.5%       78.7%              10.0%               84.3%  (see below)

  Key baseline rates (random guess):
    If neighbor is uninformative, nbr==GT rate ≈ rescue_rate = 80.9% (among rescue+correct CCs)
    If neighbor always picks winner (top1): nbr==GT rate for correct = 100%, rescue = 0%


Pair: bareland -> pavement   (margin_thr=0.1, conf_thr=0.3)
----------------------------------------------------------------------
  n_cc=1466  rescue=1259(85.9%)  correct=0(0.0%)  other=207(14.1%)

   r_outer   abstain   nbr==GT   nbr==top2   nbr==top1   rescue:nbr==top2   correct:nbr==top1    ΔmIoU_af
  -------------------------------------------------------------------------------------------------------
         8     42.2%      5.3%        5.3%        0.6%               5.3%                nan%  (see below)
        16     28.7%      5.6%        5.4%        0.5%               5.6%                nan%  (see below)
        32     12.8%      5.6%        5.2%        0.5%               5.6%                nan%  (see below)

  Key baseline rates (random guess):
    If neighbor is uninformative, nbr==GT rate ≈ rescue_rate = 100.0% (among rescue+correct CCs)
    If neighbor always picks winner (top1): nbr==GT rate for correct = 100%, rescue = 0%


Pair: bareland -> grass   (margin_thr=0.1, conf_thr=0.3)
----------------------------------------------------------------------
  n_cc=958  rescue=378(39.5%)  correct=20(2.1%)  other=560(58.5%)

   r_outer   abstain   nbr==GT   nbr==top2   nbr==top1   rescue:nbr==top2   correct:nbr==top1    ΔmIoU_af
  -------------------------------------------------------------------------------------------------------
         8     34.4%     42.2%       39.3%        0.0%              42.4%                0.0%  (see below)
        16     22.4%     39.9%       37.8%        0.0%              40.6%                0.0%  (see below)
        32     11.4%     33.8%       34.5%        0.0%              34.9%                0.0%  (see below)

  Key baseline rates (random guess):
    If neighbor is uninformative, nbr==GT rate ≈ rescue_rate = 95.0% (among rescue+correct CCs)
    If neighbor always picks winner (top1): nbr==GT rate for correct = 100%, rescue = 0%

================================================================================
Cross-pair summary (r_outer sweep, nbr_agree_gt = key metric):

  pair                              r=8 nbr_agree_gt   abstain   r=16 nbr_agree_gt   abstain   r=32 nbr_agree_gt   abstain
  ------------------------------------------------------------------------------------------------------------------------
  grass -> cropland                            41.4%     40.3%               40.4%     30.2%               40.1%     19.0%
  building -> pavement                         24.7%     15.3%               24.7%      6.9%               24.2%      2.3%
  bareland -> pavement                          5.3%     42.2%                5.6%     28.7%                5.6%     12.8%
  bareland -> grass                            42.2%     34.4%               39.9%     22.4%               33.8%     11.4%

Note: nbr_agree_gt is the fraction of CCs where neighbor majority class == GT.
      Random baseline = rescue_rate (if neighbor always picks winner,
      nbr_agree_gt = correct_rate; if always picks runnerup = rescue_rate).
      A value significantly above max(rescue_rate, correct_rate) means the
      neighbor context is informative beyond simple class-frequency prior.
